юаем
юакем
юбцсяр
юбцсярхюм
юбцсярхм
юбек
юбеп
юбепмн
юбйяемрхи
юбн
юбпююл
юбпюл
юбпекх
юбпекхи
юбпнп
юцюох
юцюохи
юцюрнонд (р)
юцемр
юцкюи
юцкюп
юцмем
юцмеь
юцно
юцзжх
юдюкаепр
юдюл
юдеюм
юдекхм
юдел
юдмюм
юдпхюм
юдпхъм
юепнгнк
югюкхъ
юиделхп
юйюьхъ
юйяюйсярх
юйяхдюм
юйяхмрхъ
юкаем
юкаепр
юкахъмю
юкдхм
юкебюмдзп
юкец
юкей
юкейгюмдпхъм
юкейгюмдзп
юкейн
юкейя
юкейяюмдхмю
юкейяюмдпхъм
юкейяюмдзп
юкейяеи
юкейях
юкейян
юкем
юкфхп
юкх
юкхох
юкрюи
юкрелхп
юкрхлхп
юкэнью
юлюдеся
юлапнгхн
юмюаекйю
юмюцмнярх
юмюмх
юмюярюя
юмюярюях
юмюярюяхи
юмюрнк
юмюрнк-беяек
юмюрнкх
юмюрнкхи
юмцек
юмцекхм
юмцекхмю
юмцекйн
юмценкюъ
юмдфн
юмднм
юмдпею
юмдпеюм
юмдпеюя
юмдпеи
юмдпеъм
юмдпхюм
юмдпхъм
юме
юмекхм
юмеярх
юмеярхяхюм
юмфек
юмфн
юмхаюк
юмхек
юмхлхп
юмхякюб
юмйн
юмрюмх
юмрхл
юмрн
юмрнюм
юмрнм
юмрнмх
юмрнмхи
юмрнмхк
юмрнмхл
юмрнмхм
юмрнмхн
юмрнь
юмсь
юмвн
юмч
юонярнк
юопюл
юпцхп
юпцн
юпхярнрек
юпхрнм
юпйюдх
юпйюдхи
юпкхм
юплюм
юплем
юпмюсд
юпмюср
юпнм
юпяем
юпяемх
юпяемхи
юпян
юпрел
юпрсп
юпуюмцек
юпвх
юяюяхм
юяюяхмякюб
юяюяхмрпнм
юяем
юяхлюм
юяоюпсу
юрю
юрюмюя
юрхкю
юрнл
юрнлем
юухл
юже
ювн
аюцпъм
аюийн
аюик
аюин
аюивн
аюкхм
аюкйюм
аюкнлхп
аюквн
аюкэн
аюмйн
аюмн
аюмвн
аюмэн
аюмч
аюмъ
аюпюанм
аюпаюмеян
аюпрнкнлхк
аюрюй
аюрхк
аюуюп
аюумх
аюуспхм
аювн
аюьхангсй
аюч
аюъм
аецсмю
аеиуюм
аекхлхп
аекхм
аекхякюб
аекн
аекнлхп
аекнякюб
аеквн
аекъм
аемхякюб
аемйн
аемн
аемэн
аепхлхп
аепхм
аепхякюб
аепхъ
аепн
аепнякюб
аерхмю
аерхмн
аевн
ахкъм
ахмйн
ахмэн
ахмч
ахяемрх
ахяеп
акюцн
акюцнбеяр
акюцни
акюцнлхп
акюцнябер
акюфе
анц
анцдюм
анцхмъ
анцни
анцнкча
анцнлхк
анцнякюб
андпнлхп
анфюм
анфхдюп
анфхй
анфхк
анфхлхп
анфхм
анфхмек
анфйн
анфн
анфсп
анхк
анхкю
анийн
анин
анивн
анкем
анкеякюб
анме
анмхякюб
анмйн
анмн
анмвн
анмвсй
анмэн
анпюм
анпбхк
анпем
анпхй
анпхк
анпхлхп
анпхм
анпхя
анпхякюб
анпйн
анпнлхп
анпвн
аняхкемю
аняхкйн
аняйн
анрн
анрэн
анжйн
анжн
анвйю
анвн
анч
анъм
анъмйю
анъп
апюийн
апюм
апюмдюм
апюмхлхп
апюмхякюб
апюмйн
апюрюм
апюрхякюб
апюрнбвед
апюрни
апюъм
апемн
апхцюдхп
апхцн
апхг
апнмхякюб
апсйкхм
апсмйн
апсмн
асдю
асдхлхп
асдхм
асдэнмх
аспюм
аспем
аспъм
азкцюп
азкцюпхъм
азмвн
аъкйн
аъмйн
бюцхмъм
бюцмеп-цюапхек
бюдхл
бюйкхм
бюйксь
бюйн
бюйпхк
бюйпхкем
бюкемрхм
бюкемрхмю
бюкепх
бюкепхи
бюкхюмю
бюкхюмр
бюкреп
бюквн
бюмюхк
бюмцек
бюмдн
бюме
бюмхякюб
бюмйн
бюмве
бюмэн
бюмчь
бюпюдхм
бюпдюм
бюпдюп
бюпрнкнлеи
бюпвн
бюпьюбю
бюяхк
бюяхкем
бюяхкхи
бюяхкхм
бюяхкхъм
бюяхкъ
бюяхъм
бюяйн
бюян
бюрн
бюжн
бювйн
бецн
бедйн
бедпхм
бефем
беик
бекюдхм
бекелхп
бекх
бекхюм
бекхюмр
бекхгюп
бекхй
бекхйн
бекхлхп
бекхм
бекхякюб
бекхвйн
бекхъм
бекйн
беквн
бекэн
беме
бемекхм
бемеж
бемежхи
бемежхъм
бемхюлхм
бемхякюб
бемйх
бемйн
бемяюм
бемрхкюрнп
бемже
бемжегюп
бемжеякюб
бемжх
бемжхякюб
бемжнлхп
бемвюм
бепюдхм
бепцхк
бепцхм
бепхлхп
бепхм
бепнякюб
беяек
беяекхм
беяхякюб
беяйн
беян
беяоюяхъм
берйн
бевйн
бхцюкнр
бхцн
бхдекхм
бхдем
бхдхм
бхднк
бхднякюб
бхдч
бхйемрх
бхйрнп
бхкхюм
бхкхгюп
бхкхгюпю
бхкхякюб
бхкхъм
бхкъл
бхмерс
бхмйн
бхмн
бхмязмр
бхмвемжн
бхнкер
бхнкхм
бхяюпхнм
бхрюкхи
бхрюм
бхрйн
бхркъм
бхрнлхп
бхрнь
бхупем
бхупнмх
бхузп
бхвн
бхью
бхьюм
бхьерхм
бхьмч
бкюд
бкюдхкем
бкюдхлеп
бкюдхлхп
бкюдхлхпю
бкюдхм
бкюдхмйн
бкюдхякюб
бкюдхъм
бкюян
бкюянлхп
бнбйю
бнцхк
бнхм
бнилхп
бнин
бниякюб
бнкем
бнкндъ
бпюавн
бпзавн
бяебекнд
бск
бскч
бзийн
бзкйюдхм
бзкйюм
бзкйн
бзкйндюб
бзкн
бзквюм
бзквхм
бзквн
бзквнъм
бзкч
бзпаюм
бзпахм
бзрйн
бзрэн
бзрч
бзвйн
бъвеякюб
бъвхякюб
цюапхек
цюазп
цюбхм
цюбпюхк
цюбпхк
цюдэн
цюи
цюийн
цюкюахм
цюкюйрхнм
цюкем
цюкемрхм
цюкхем
цюкхлхп
цюкхм
цюкхъм
цюмх
цюмхлхп
цюмхякюб
цюмжнлхп
цюмвн
цюмэн
цюпн
цюрэн
цюжн
цювн
цбюпдхюмю
цекелхп
цемюдх
цемюдх бюкепхеб
цемюдхи
цемхякюб
цемйн
цемн
цемвн
цемэн
цен
цендхл
ценлхк
ценпцх
цепюяхл
цепцюм
цепцеи
цепцекча
цепцхм
цепцн
цепдюм
цеплюм
цепн
цепни
цепвн
церхякюб
церйн
церн
цежн
цевйн
цевн
цеьн
цхбегю
цхгдюкем
цхйн
цхкдпни
цхмю
цхмеякюб
цхмэн
цхмч
цхпцхмю
цхпн
цхжхлхп
цхвн
цкюбнлхп
цкхмйю
цмебнрю
цнцн
цндхякюб
цнийн
цнмдн
цнпюгд
цнпюм
цнпдюм
цнпхм
цнпйю
цнпйх
цнпнжбер
цнпсм
цнпвн
цняондхм
цнже
цнвн
цньн
цпюдхлхп
цпюмхр
цпювйн
цпецнп
цпемкюдх
цперхемю
цпеухмю
цпхцнп
цпхью
цпнгдюм
цпнгде
цпнгдэн
цпнгэн
цпсд
цпсдх
цпсдхй
цпсдйн
цпсдэн
цпсин
цпсивн
цпсч
цпзах
цсдфн
цсмдх
цсмвн
цсмэн
цсмч
цспйн
цсрч
цздэн
цзкза
цзкзахм
цзмвн
цзпах
цзвн
цэнйю
цчпцекемю
цчпн
дюбхд
дюбхдйн
дюиюмю
дюйн
дюкхм
дюлъм
дюлъмйю
дюм
дюмюхк
дюмюъ
дюме
дюмх
дюмхек
дюмххк
дюмхк
дюмхлхк
дюмхлхп
дюмхякюб
дюмйн
дюмн
дюмвн
дюпем
дюпх
дюпхюм
дюпхи
дюпхм
дюпхмхк
дюпхн
дюпйн
дютхм
дюжн
дювйн
дювн
дюьн
дюъм
деюм
дебюм
деибхд
декхюм
декхякюб
деквн
декъм
декъмю
делхм
делхп
делъм
демхг
демхйю
демхлхп
демхя
демхякюб
демхъм
демвн
демэн
депдхдюя
деяхкхюм
деяхлхп
деяхякюб
деякюб
деяохм
деяохмйю
деяонр
дерекхм
дерекча
девйн
девн
девч
деьн
деъм
дфюмеп
дфюмйн
дфхуюд
дфнм-яретюм
дфскхем
дхюлюмдх
дхюлюмрхмю
дхюм
дхбюм (мю дъдн дхюм х дъдн хбюм)
дхбхгхе
дхбхгхъ
дхбхк
дхдйн
дхецн
дхибхд
дхйн
дхкъм
дхлюм
дхлюя
дхлх
дхлхякюб
дхлхрпюйх
дхлхрпхъм
дхлхрзп
дхлхъм
дхлн
дхлнякюб
дхлвн
дхмйн
дхмвн
дхмэн
дхмч
дхнмхя
дхвйю
дхвйн
дхвн
дхьйн
дхъм
днакеярхм
днапем
днапх
днапхк
днапхм
днапхмеийн
днапнбеяр
днапндюм
днапнкча
днапнлхк
днапнлхп
днапнякюб
днапъм
днбюм
дндч
днимн
днивхм
днивн
днйн
днмюкд
днмйн
днмвн
днмэн
днпхюм
днпхякюб
днпхъм
днпвн
дняхякюб
дняэн
днрю
днвйн
днвн
дньн
дпюцюм
дпюцхъ
дпюцхъ
дпюцмх
дпюцмэн
дпюцмч
дпюцн
дпюцнбеяр
дпюцндюм
дпюцнивн
дпюцнлхп
дпюцнякюб
дпюцнярхм
дпюцнъ
дпюйн
дпейн
дпемйн
дпемэн
дпнгдярни
дпнгсмюкю
дпнокхмю
дпсфелхп
дпслх
дпслвн
дскх
дсмвн
дсун
дсунлхп
дсьйн
дсьн
дзаюм
дзпцюдзм
дъйн
дъмйн
ебцемх
ебцемхи
ебдем
ебднйх
ебднйхи
ебекхм
ебхкхм
ебхрю
ебкюлох
ебкнцх
ебпч
ебярюрх
ебярюрхи
ебярюухи
ебрхл
ецнп
едбхм
едхякюб
едхр
едмнпнц
едпч
едсюпд
ейхл
ейрюп
ейрнп
екбхя
екеюм
екейрпнм
екелюц
екем
екемйн
екхюм
екхюя
екхегеп
екхгюаер
екхм
екхяеи
екхяхъ
екйн
екрхлхп
екэн
елю-аекю
елюмнхк
елюмсек
елюмсхк
елхк
елхкхюм
елхкхъм
емдн
емхя
емвн
емэн
емч
епбхм
епедхм
епелхъ
епхй
епхмю
епнк
епнякюб
епяем
еяем
ерхем
етйю
ежйн
евйн
евн
фюднлхп
фюм
фюмх
фюмйн
фюпхм
фюпйн
фюпнякюб
фюялхм
фейн
фекцзгйн
фекег
фекегхм
фекегвн
фекйн
фекэн
фекч
фекъг
фекъгйн
фекъм
фепюп
феплхмюк
феякюб
февйн
февн
фхбем
фхбйн
фхбн
фхбндюм
фхбндюп
фхбнлхп
фхгек
фхпюп
фхрхъм
фхрнлхп
флсмж
фнюм
фнгелхп
фнгет
фнмюрюм
фнпея
фнпфюм
фнпфх
фнпх
фнпн
фняхъм
фскхюм
фскхем
фскхер
фскхъм
фскэн
гюбюпхм
гюбем
гюлтхп
гюмцн
гюмйн
гюопхм
гюопъм
гюпйн
гютеп
гютхп
гюуюп
гюуюпх
гюуюпхм
гюун
гбегдюм
гбегдекча
гбегдхм
гбегдхякюб
гбегдхъм
гбегднкер
гбегднлхп
гцспю
гдпюбекхм
гдпюбеж
гдпюбйн
гдпюбнлхп
гдпюбвн
гемцхм
гхйю
гхмйн
гхмнбх
гкюрюм
гкюрх
гкюрхк
гкюрхлхп
гкюрхм
гкюрхъм
гкюрйн
гкюрнцнп
гкюрнгюп
гкюрнлхп
гкюрнякюб
гкюрнжбер
гкюрэн
гнкрюм
гнпюм
гнпдюм
гнпхмю
гнпн
гзпкюрюм
гчлачк
хапюухл
хб
хбю
хбюхк
хбюикю
хбюикн
хбюкхм
хбюм
хбюм-юдюкаепр
хбюм-юкейяюмдзп
хбюм-юяем
хбюм-йюкнъм
хбюм-люпрхм
хбюмхк
хбюмхм
хбюмйн
хбюмвн
хбюж
хбе
хбек
хбекхм
хбхжю
хбхъм
хбйюрю
хбн
хбнлхп
хцмюяхи
хцмюр
хцмюрхи
хцнп
хцпхк
хдю
хдеюк
хгер
хгнцпютхк
хйюп
хйн
хкюпхнм
хкемхъ
хкенлхп
хкхюм
хкхийн
хкхивн
хкхм
хкхнлюп
хкхв
хкхъ
хкхъм
хкйн
хквн
хлхкхюм
хмцелсмд
хмйн
хмнйемрхи
хмвн
хонкхр
хпхюм
хпхмеи
хпхмеся
хпхъм
хпйн
хплю
хпмхй
хяюию
хяюй
хяхднп
хяйпем
хяйзп
хяоепху
хярюм
хярюрйн
хярхкъм
хяся
хрюм
хрйн
хурхюмдзп
хжн
хвн
иемн
иепелхъ
инюм
инюм-юкейяюмдзп
инюм-хбн
инб
инбюм
инбхжю
инбйн
инбн
инбпн
инбжн
инбвн
инфх
инхк
инкюмд
инкхъм
инкйн
инкн
инмх
инмхякюб
инмхрю
инмйн
инмн
инмвн
инпцн
инпдюм
инпх
иняхб
иняхт
инрхякюб
инрйн
инрн
инуюм
инжн
иньйн
иньн
йюахк
йюапхнкер
йюдюбпх
йюгхлхп
йюипъй
йюкхм
йюкхярпюр
йюкхъм
йюкнпейя
йюкнтеп
йюкнъм
йюкнъм-опеякюб
йюксдх
йюквн
йюкэн
йюкч
йюлекх
йюлекхъм
йюлем
йюлхк
йюмюпве
йюмдн
йюмр
йюмрнмеп
йюмч
йюоекюм
йюпюлюм
йюпюлтхк
йюпдюл
йюпдюм
йюпек
йюпем
йюпхл
йюпхм
йюпкн
йюплем
йюпнкхм
йюпвн
йюяюмдзп
йюрюйнла
йюрюкхмйю
йюрепхм
йебхм
йебнпй
йепх
йхаеп
йхлаю
йхлан
йхлн
йхлнм
йхлвн
йхм
йхмйю
йхмрю
йхопхякюб
йхопхъм
йхпхем
йхпхк
йхпйн
йхпвн
йхпъй
йхпъйх
йхпъйн
йхя
йхр
йхрн
йхрндюп
йхрнлхп
йкеюмрхм
йкхл
йкхлемр
ймср
йнглю
йнимн
йнин
йнивн
йнйн
йнке
йнкнмхмю
йнквн
йнкэн
йнкч
йнлмхм
йнмдю (йнмднб)
йнмдэн
йнмн
йнмярюмрхм
йнмярюмрхм-йхпхк
йнмярюмрхм-йпхярхюм
йнмсп
йнпкеб
йнярю
йнярюдхм
йнярюдхмю
йнярюмрхм
йняэн
йняч
йнрнпюм
йнрч
йнжх
йнжхкйн
йнжн
йнвн
йпюцхкю
йпюин
йпюйюлхп
йпюкх
йпюкэн
йпюмюрхм
йпюяем
йпюяхлхп
йпюяхякюб
йпюямндюп
йпюямнлхп
йпювсм
йпюч
йпелем
йпенк
йпхцеп
йпхмя
йпхя
йпхяохм
йпхярюкхм
йпхярхюм
йпхярхаекю
йпхярхм
йпхярхякюб
йпхярхъм
йпхярнтнп
йпхяръм
йпхрйн
йпсл
йпсрх
йпзярюм
йпзярхюм
йпзярхк
йпзярхм
йпзярхъм
йпзярн
йпзярнлхп
йпзярэн
йпзярч
йсаеп
йсапюр
йсглю
йсглюм
йсгн
йсин
йслюм
йслаю
йсмх
йсмвн
йсмэн
йсмч
йсоем
йсопхъм
йспо
йспрх
йспрэн
йсрн
йсвн
йздпхм
йзкх
йзмвюю
йзмвн
йзрх
йзжх
йзжн
йэмх
кюбпем
кюдхякюб
кюгюп
кюгюпхм
кюге
кюгйн
кюгн
кюйн
кюкйн
кюкн
кюкэн
кюлах
кюлан
кюлапх
кюлач
кюмяекнр
кюяйюк
кюяйюп
кюярзп
кюрхм
кюрйн
кюрэн
кюрч
кюьйн
кею-люпхъ
кеюмдзп
кеб
кебемр
кебвн
кейн
кемхм
кемйн
кенм
кенмюпдн
кенмхд
кеяе
кетреп
кевн
кхкйн
кхкн
кхквн
кхкъм
кхлнм
кхлнмвн
кхое
кхухъ
кхвн
кнбвн
кнгюм
кнгюмю
кнгем
кнпю-янтхъ
кнпюмя
кнпемжн
ксйю
ксйюм
ксйн
кскх
ксквн
ксяхн
ксяхъ
ксжхюм
кзб
кзвегюп
кэнрх
кчаюь
кчаем
кчахл
кчахлю
кчахлн
кчахм
кчалхк
кчандпюц
кчанлхп
кчанябер
кчанякюб
кчдлхк
кчднеа
кчкхм
кчяхем
кчяхъм
кчяэйю
кчжйюм
любпндх
любпндхъ
люц
люцдюкем
люцдюкхмю
люцдюкхъм
люцхв
люцзпдхв
люгем
люиеп
люйюпхи
люйкюпзм
люйя
люйяхл
люйяхлхкхъм
люйяхлхкъм
люкюл
люкюлхп
люкем
люкемйн
люкхй
люкхм
люкнлхп
люквн
люмднкхмю
люмнек
люмнк
люмнкхм
люмнкн
люмрюя
люмсхк
люмсь
люмвеярзп чмюиред
люмвн
люмэн
люмч
люпюмцнмх
люпцюпхм
люпцюпхр
люпей
люпхюм
люпхи
люпхм
люпхмек
люпхмвн
люпхн
люпхнккхрю
люпхнвйю
люпхрмю
люпхъм
люпй
люпй-юмрнмхи
люпйн
люпйся
люпрем
люпрхм
люпрхмхъм
люпрн
люпсь
люпвекн
люякхмю
люреи
люрэн
люрч
люумн
люьн
ледхюм
лемйн
лемн
лепхкхм
леяюй
лерюйяю
лерндх
лерндх-рнлх
лерндхи
левн
лхднк
лхйюек
лхйксун
лхйн
лхйпнякюб
лхкюаекю
лхкюбюм
лхкюдхм
лхкюм
лхке
лхкем
лхкеякюб
лхкерх
лхкхм
лхкхмйю
лхкйн
лхкн
лхкндюп
лхкндпюц
лхкнийю
лхкнйъ
лхкнлхп
лхкнп
лхкнякюб
лхкнякюбю
лхкнрхм
лхкнь
лхкрхюдх
лхкрхъдх
лхксь
лхквн
лхкэн
лхмдн
лхмйн
лхмвн
лхмэн
лхндпюц
лхп
лхпйн
лхпн
лхпнкча
лхпнм
лхпнябер
лхпнякюб
лхпвн
лхр
лхрю
лхрйн
лхрн
лхрпюм
лхрпнтюм
лхрпэн
лхрзп
лхрэн
лхрч
лхуюхк
лхуюк
лхуюкю
лхуюкюйх
лхун
лхурюп
лхвн
лхьйн
лхьн
лкюдекхм
лкюдем
лндеярх
лнкх
лнлн
лнлвхк
лнмвн
лнмэн
лнмч
лнпцюм
лнпем
лнпсм
лняйн
лнч
лнъм
лпюлнп
ляйюхдя
лсмвн
лсмэн
лсмч
лспюбеи
лсярютю
лсьн
лзимн
лзярзй
лчлчм
мюдюкхм
мюдюпхм
мюдефдю
мюдхъм
мюдн
мюфх
мюидем
мюин
мюивн
мюйе
мюйн
мюмйн
мюмйнб
мюмн
мюмяхлхп
мюмвн
мюмч
мюпжхякюб
мюяйн
мюярхлхп
мюярпюдхм
мюрюмюхк
мюрх
мюрйн
мюсл
мютхяюр
мютрюкх
мюжйн
мюжн
мювхъм
мювйн
мювн
мебекхм
мебем
мебемйн
мебхкхъм
мебъм
мецнякюб
медекхм
медеквн
медхякюб
медйн
меднкча
медэн
медч
медъкйн
меийн
меивн
мекйн
меквн
меме
мемйн
мемн
мемяхякюб
мемвн
менйкх
мепея
меярхлхп
меярхякюб
меярнп
мерйн
межйн
мевйн
мевн
меьйн
меьн
меыъкйн
меыъм
мхбек
мхбекхм
мхдекхм
мхйх
мхйхтнп
мхйхунп
мхйхъм
мхйн
мхйндхл
мхйнкю
мхйнкюи
мхйнкюя
мхйнкхм
мхйнквн
мхйнонкся
мхйнякюб
мхйнрхюмю
мхйнрхм
мхйскю
мхйзкзя
мхмх
мхмйн
мхмн
мхмнякюб
мхмсь
мхярнп
мхр
мхвн
мнбюй
мнбхжю
мнин
мнйрхъднякюб
мнмйн
мнна
мспх
мъцнякюб
мъцск
мъцзк
наперем
наперхл
нбюмея
нцхм
нцмелхп
нцмем
нцмъм
нйеюм
нкец
нкей
нкхлох
нлюп
нлспрюц
нмхй
нмстпх
нмвн
нпек
нпкхм
нпрнднйях
нптеи
нпухдеи
нпже
няйюп
нуюмея
оюбек
оюбекхм
оюбхк
оюбйн
оюбкхй
оюбкхм
оюбкхмвн
оюбкнлхп
оюхяхи
оюйн
оюклх
оюклхпн
оюмюбпх
оюмюи
оюмюинр
оюмде
оюмдекхя
оюме
оюмйпрхиъм
оюмн
оюмрюкеи
оюмрекеи
оюмреп
оюмрн
оюмрч
оюмвн
оюнкхмю
оюпюяйеб
оюпюунд
оюпюьйеб
оюпюьйебюм
оюпсь
оюяйюк
оюяйн
оюяоюмюухк
оюрн
оюрпхй
оюрэн
оюскхм
оюсм
оюжн
оювн
оюьн
оеийн
оеин
оеинднм
оеирюм
оеивхм
оеивн
оейн
оекюи
оеке
оеме
оемйн
оемвхм
оемвн
оемэн
оемч
оен
оеохмн
оеохякюб
оеон
оеонмюйх
оепхйзк
оепяхюмю
оепяхъм
оепвн
оерхйнмцпея
оерйюм
оерйн
оерн
оерпюйх
оерпюм
оерпюмю
оерпхмек
оерпнгюп
оерпнлхк
оерпнлхп
оерпняемгнпмхвеб
оерпнякюб
оерпняъм
оерзп
оерзп-елхк
оерзп-инюм
оерэн
оежх
оевн
оеьйн
оеч
охлем
охм
охон
охпхм
охпкн
охькхлюпйн
окюлем
окюмхлхп
окэнймхлхп
онк
онкхлем
онкхлхп
онмвн
онпдхл
онпнкхм
онпрнйюк
онрмхй
опюбднкча
опюбднлхк
опюбднлхп
опюбнякюб
опеяхюм
опеяхъм
опеякюб
опеян
опхлн
опхмн
опндюм
опнийн
опнимн
опнин
опнивн
опнйнох
опнйнохи
опнкеряхм
опньйн
опзбвн
опэжйн
ояхунлхп
оскэн
осьн
озм
озпбюм
озпбнкер
озпн
озжйн
пюцмюп
пюд
пюдюкхъ
пюдюм
пюдх
пюдхй
пюдхк
пюдхлхп
пюдхм
пюдхнм
пюдйн
пюдлхк
пюдмч
пюдн
пюднбеи
пюднхк
пюдни
пюднлхк
пюднлхп
пюднябер
пюднякюб
пюдняр-якюбю
пюднярхм
пюдск
пюдскнмю
пюдсь
пюгбхцнп
пюгсл
пюгжбер
пюийн
пюимн
пюин
пюивхм
пюивн
пюке
пюкхм
пюкхжю-аеккю
пюквн
пюлх
пюмцек
пюмцек-кчахлх
пюмдч
пюмвн
пюяюре
пюрнякюб
пютюхк
пювйн
пювн
пюьйн
пюьн
пюч
пюъм
пеюм
пел
пхйюпдн
пхмюкдн
пхя
пхяръ
пхвюпд
пхвепд
пнаепр
пнаепрн
пнахм
пназпр
пнцекхм
пнцекхмю
пнцемю
пндюм
пндхнм
пнгюкхм
пнгхм
пнгнжбер
пнин
пнйяюм
пнлюм
пнлек
пнлекхмю
пнлем
пнлен
пнлхк
пнлск
пняем
пняемйю
пняхлхп
пняхжбер
пняйю
пняйн
пнярхюмю
пнярхлхп
пнярхякюб
пнч
псаем
псахм
псапъм
псдемйн
псфдх
псфйн
пслем
пслемхце
пслхк
пслжюия
псоем
псяюм
псях
псяхм
псяхякюб
псяхъмю
псяйн
псякюм
псянмепю
псярхякюб
псьем
псьх
пзаем
яюбю
яюбе
яюбх
яюбхм
яюбн
яюбвн
яюкюлани
яюлеп
яюлх
яюлсхк
яюмде
яюмдн
яюмдпн
яюмдэн
яюмдч
яюмх
яюмрхою
яюян
яюьйн
яюьн
ябюрнлхп
ябефем
яберйн
яберкюм
яберкемю
яберкх
яберкхм
яберкнгюп
яберкнлхп
яберкч
ябернгюп
ябернякюб
ябернякюб-ценпцх
ябхкем
яеаюярхюм
яеаюурхм
яебюм
яебюп
яебюярхм
яебдюкхм
яебдюм
яебекхм
яебепхм
яедебвн
яедет
яедетвн
яекем
яекемю
яемйн
яепютхл
яепцеи
яеякюб
яхбх
яхбйн
яхдеп
яхднмхъ
яхднп
яхем
яхкюцх
яхкюм
яхкбеярзп
яхкбхн
яхкбхъм
яхкем
яхкъм
яхленм
яхлн
яхплюм
яхтнмъ
яйнпаср
якюб
якюбдн
якюбе
якюбеи
якюбеийн
якюбем
якюбх
якюбхк
якюбхм
якюбйн
якюбнкча
якюбнлхп
якюбнрхм
якюбвн
якюбъм
якюдсм
якюо
якебхм
якнбнлхп
якзмвн
ялюпюцдх
ялхкем
ялхкеж
ялхкйн
ялхкъм
ямефюм
ямефхм
янйнк
янрхп
яоюдсм
яоюпрюй
яоюя
яоюяем
яоюяхлхп
яоюяхъм
яохкйн
яохпхднм
яохпн
япеапхм
япеапн
япеапэн
япеапч
яперем
ярюбпх
ярюбпн
ярюийн
ярюкхм
ярюклхп
ярюлюр
ярюланкхм
ярюлем
ярюм
ярюмювйн
ярюмхк
ярюмхлхп
ярюмхякюб
ярюмхякюя
ярюмхжбер
ярюмйе
ярюмйн
ярюмйск
ярюмни
ярюмнъ
ярюмвн
ярюмэн
ярюмч
ярюрх
ярюрск
ярютерйн
ярекхюм
ярекхъм
ярекнлхп
ярекъм
яремкх
яретюм
яретйн
ярхийн
ярхкхюм
ярхкхъм
ярнхк
ярнхкйн
ярнхлем
ярнхлхп
ярнхвйн
ярнийн
ярниме
ярнимн
ярнин
ярнивн
ярнкхмю
ярнкхоем
ярнлюм
ярнлюрнкнц
ярнмнц
ярнч
ярнъдхм
ярнъм
ярнъм-мхйнкюи
ярнъмхякюб
ярнъмвн
ярнърек
ярпюрх
ярпюрхъ
ярпюухк
ярпюунлхп
ярпюжхлхп
ярпюьхлхп
ярпегн
ярзйн
яскэн
язах
язахкъм
язахлхп
язахм
язан
язанрхм
язавн
язбеярхм
язийн
язмх
язмч
язпдевйн
язвйн
яъпн
рюйн
рюкэн
рюлюкюи
рюмюя
рюме
рюмйн
рюмн
рюмвн
рюмэн
рюпюонмрх
рюпекйн
рюпгюм
рюпкюосрмъй
рюяхл
рюяйн
рютн
рювн
рюьйн
рюьн
редхякюб
регеи
рекепхц
релекюйх
релекйн
релемсц
ремхякюб
ремйн
ремвн
ремэн
рен
ренднп
ренднпхм
ренднях
рендняхи
ренднякюб
ренднярхм
рентюм
рентхк
ренуюп
репбек
рхцпнмх
рхкн
рхкэн
рхлн
рхлнм
рхлнреи
рхлвн
рхмйн
рхмн
рхмвн
рхун
рхунк
рхунлхп
рхунм
рхунякюб
рхьн
рнде
рнднлхпйю
рнднп
рнднпюйх
рнднпхм
рнднпхмю
рнйхлхп
рнкей
рнкч
рнлю
рнлюя
рнлем
рнлх
рнлхмйю
рнлхякюб
рнлн
рнме
рнмх
рнмхлхп
рнмхякюб
рнмйн
рнмвн
рнмэн
рноюкйн
рнонкйн
рнрйн
рнрэн
рнрч
рнжн
рньйн
рньн
рпюийн
рпюивн
рпюмдютнп
рпюмскх
рпюъм
рпемдют
рпемдютхк
рпхтнм
рпньюм
рпньн
рпнъм
рпсд
рпзмдэн
рпзойн
рсднп
рсмдепрнп
рсоюдхм
рствн
ръмю
ръмйн
сюкхд
сбе
сцпхм
сдпем
сгсл
сгсм
схмя
слю
смцсл
смстпх
смвн
спфсл
сплюм
спчй
сян
срх
тюахюмю
тюгюм
тюйкю
тюрхй
тюрхлю
тювн
теа
тедх
тедъ
текхйя
тенднп
тепюпхн
тепцн
тепдхмюмд
тхдюм
тхдек
тхивн
тхкюреи
тхкх
тхкхдюм
тхкхлнм
тхкхнм
тхкхо
тхкхоюя
тхкхононк
тхкйн
тхкнлхп
тхквн
тхкэн
тхмдн
тхмднк
тхпн
тхпвн
тхвн
ткнпх
ткнпхюм
ткнпхм
ткнпн
тнпх
тняхк
тнрхм
тпюмй
тпюмж
тпюмжхякюб
тпюжхк
тпедх
тпндн
тсцн
тсйн
тзярзй
тзрэн
тэнднп
уюбрекхм
уюмйн
уюпюкюлах
уюпюкюлох
уюпюкюм
уюпахмцзп
уюпх
уюпхгюм
уюпхрхх
уюпхрнм
уюяюм
уюяюрхм
уювн
убниме
уеазп
уейрнп
уепюйкхр
уепмюмх
уепнднр
уетеярхнм
ухлхмюи
ухмйн
ухмн
ухрйн
унпнг
упюапхм
упюазп
упюмхлхп
упюмйн
упекйн
упекэн
упхяхл
упхяхлхп
упхян
упхярюкхм
упхярхбхкхм
упхярхекю
упхярхкхюм
упхярхкхм
упхярхъм
упхярн
упхярн-мхйнкю
упхярнднп
упхярнгюп
упхярнгнпмхжхюм
упхярнгнпмхжнлхк
упхярнлхк
упхярнлхп
упхярняйн
упхярнякюб
упхярнтнп
упхявн
упнмдек
упсяюм
усаюб
усаюбем
усаюм
усаем
узпян
жюйн
жюкйн
жюмю
жюмх
жюмхгюп
жюмхлхп
жюмхякюб
жюмйн
жюмн
жюмч
жюпхлхп
жювн
жберюи
жберюкхм
жберюкхмю
жберюм
жберекхм
жберелхп
жберх
жберхк
жберхкем
жберхм
жберхъм
жберйн
жберкхм
жбернгюп
жбернкча
жбернлхк
жбернлхкйю
жбернлхп
жбернякюб
жбпзжкч
жбърйн
жегюп
жейн
жекнтюм
жемх
жемхякюб
жемйн
жемн
жежйн
жежнлхп
жхйскхм
жхкн
жхкэн
жнйн
жнкн
жнмю
жнме
жнмх
жнмйн
жнмэн
жнмч
жнжн
жнвн
жзйх
вюбдюп
вюмйере
вюмйн
вюмн
вюмэн
вюмч
вюпдютнм
вюпндеи
вюсь
вювн
вбнп
веднлхп
вемйн
вемч
веон
вепмнахк
вепмнпхгеж
вепмэн
вхин
вхйн
вхкн
внмюп
внмх
внмн
внмч
внпю
внвн
внвнлхп
всапхй
всде
всдн
всднлхп
всднякюб
всй
ьюаюм
ьюлн
ьюмйн
ьюмнс
ьюпн
ьеимю
ьейх
ьемйн
ьемнк
ьхахк
ьхдеп
ьхкэн
ьхмйн
ьхмн
ьховюм
ьхпйн
ьхьлюм
ьйндпх
ьлхкэн
ьлскч
ьохкйн
ьохмэн
ьсьн
ыедпхм
ыедч
ыейх
ыемн
ыемч
ыепхнм
ыепхъм
ыепйн
ыепн
ыепэн
ыепч
ыхкхъм
ыхкъм
ыхпъм
ынмн
ырзпаюм
ырзпйюм
ыспй
ыспвн
ызпаюм
ызпйюм
зцкем
зкем
зпмеяр
зпсхм
зпвн
энахпдюп
чцх
чкх
чкхюм
чкхи
чкхъм
чпдюм
чпх
чпхи
чярхм
чярхмхюм
ъакем
ъбхякюб
ъбкем
ъбнп
ъцн
ъцндхм
ъгн
ъйхл
ъйн
ъйна
ъйнб
ъйнякюб
ъланкем
ъм
ъмюдхм
ъмюйх
ъмюйхм
ъмювйн
ъме
ъмец
ъмедхм
ъмей
ъмеякюб
ъмх
ъмхек
ъмхй
ъмхлхп
ъмхя
ъмхякюб
ъмхвйн
ъмйн
ъмйск
ъмйсо
ъмн
ъмнлхк
ъмрюп
ъмсь
ъмжхякюб
ъмве
ъмвн
ъпмн
ъпнлхп
ъпнякюб
ъпже
ъпвн
ъпзл
ъпч
ъяем
ъяеп
ъярпеа
ърюм
ъжн
ъвйн
ъвн
ъьюп
ъьйю
ъьн
ъьнм