юаемю
юакемю
юбю
юбюмрю
юбцхъ
юбцсярю
юбцсярхюмю
юбцсярхмю
юбе
юбхцеъ
юбкхцю
юбпекхъ
юбпнпю
юбрнмнлйю
юбрнпйю
юцюохъ
юцюрю
юцемрспю
юцкюхдю
юцкюъ
юцкеъ
юцкхюдю
юцкхйю
юцкхъ
юцкнхдю
юцмю
юцмемю
юцмея
юцмеяю
юцмеьйю
юцмхжю
юцпхохмю
юдю
юдюкхъ
юдюлхмю
юдекю
юдекюхдю
юдекхмю
юдх
юдпю
юдпеюмю
юдпеъмю
юдпхюмю
юдпхюмю-люпхъ
юдпхюмхю
юдпхюммю
юдпхъмю
юдпхъммю
юдпнлюую
юекю
юекхрю
юемю
юепнгнкю
югекю
юипем
юйюцю
юйюжхъ
юйяекю
юйяемхъ
юйяемрхъ
юйяхмхъ
юйве
юкю
юкюмю
юкюмхъ
юкюъ
юкаю
юкаемю
юкаепрю
юкахмю
юкбпнпю
юкейяю
юкейяюмю
юкейяюмдпю
юкейяюмдпхмю
юкейяюмдпхъ
юкейяемхъ
юкейяемйю
юкейяеъ
юкейяхю
юкейяхмю
юкейяхъ
юкейяняхъ
юкемю
юкемйю
юкеяхъ
юкерю
юкеуюмдпю
юкфхпйю
юкхюмю
юкхбхъ
юкхмю
юкхя
юкхяю
юкхяхъ
юкхъ
юккю
юклю
юкнмдпю
юкрюъ
юкрхлхпю
юкъ
юлюкхъ
юлюпекю
юлазп
юлекх
юлекхъ
юлхдюкю
юлхмю
юлнпхъ
юлпхрю
юлспйю
юм люпхъ
юмю
юмю люпхъ
юмюаекю
юмюбпхм
юмюмхъ
юмюярюяхъ
юмюрнкхъ
юмюухд
юмцекю
юмцекхйю
юмцекхмйю
юмцекйю
юмдфекю
юмдфекхйю
юмдфекхмю
юмдфх
юмдхйю
юмднмхъ
юмдпеюмю
юмдпекхмю
юмдпеъ
юмдпхюмю
юмдпхъ
юмдпнцемю
юмдпнледю
юмдпнмхъ
юмекхмю
юмекхъ
юмекйю
юмекъ
юмеярхюмю
юмерю
юмфекю
юмфекх
юмфекхйю
юмфекхмю
юмгю
юмх
юмхекю
юмхйю
юмхкю
юмхлхпю
юмхмю
юмхяхъ
юмхякюбю
юмхрю
юмхжю
юмхвйю
юмйю
юммю
юммю-люпхъ
юмнлюкхъ
юмпх-люпх
юмреъ
юмрхкерю
юмрхмю
юмрнюкхмю
юмрнюмю
юмрнюмекю
юмрнюмерю
юмрнюмхерю
юмрнмекю
юмрнмхекю
юмрнмхй
юмрнмхмю
юмрнмхъ
юмсью
юмсьйю
юмтхяю
юмуекхйю
юмуеъ
юмуеъ-леи
юмчрю
юмъ
юоюпюрспю
юонкхмю
юонкхмюпхъ
юонярнкхжю
юопхкхмю
юопхкхъ
юпюйях
юпюкхъ
юпдю
юпхюмю
юпхерю
юпхмю
юпйюдхъ
юпйн
юплемсух
юплхмю
юпмхйю
юпяемю
юпяемхъ
юпрелхдю
юпрхмю
юпрхмйю
юяекхмю
юяемхъ
юяемйю
юяхю
юяхюмю
юяхтю
юяоюгхъ
юяоюяхъ
юяохпхмйю
юяпхюмю
юярпнлепхъ
юяъ
юрюмюяхъ
юрюмюяйю
юрхкхъ
юрхмю
юрхъ
юрнлю
юрнлмю
юрсьйю
юспнпю
ютпндхрю
юухмнпю
юъ
юъмю
аюцпю
аюцпемю
аюцпъмю
аюкюяю
аюкерйю
аюкхмю
аюкнлхпю
аюмю
аюмхе
аюпаюкерю
аюпнлхпю
аюжхякюбю
аеюмю
аеюмерю
аеюрю
аеюрпхцю
аеюрпхя
аеюрпхяю
аецнмхъ
аегжеммю
аейюоемйю
аекю
аекюднмю
аекцхмю
аекхлхпю
аекхмю
аекхяхлю
аекхякюбю
аекхжю
аеккю
аеклхм
аекнлхпю
аекнякюбю
аекъмю
аемю
аемю-екемю
аемюкцхмю
аемекемю
аемхякюбю
аемйю
аепхлхпю
аепхмю
аепхякюбю
аепрю
аеяеохмю
аерю
аерх
аеъ
ахюмю
ахюмйю
ахдйю
ахекю
ахкемю
ахкъмю
ахмю
ахмйю
ахяю
ахяепю
ахяепйю
ахярпю
ахрйю
ахжю
ахъмйю
акюцю
акюцхмю
акюцнбеяйю
акюцнбеярю
акюцндюрйю
акюцнийю
акюцнлхпю
акюцнпндйю
акюцнпндмю
акюцняберю
акюцнъ
акюфйю
акемхйю
анцюрхмю
анцдюкхмю
анцдюмю
анцдюмйю
анцнкчаю
анцнлхкю
анцнпндйю
анцнякюбю
анцнъ
анцнъбкемю
андхмйю
андспйю
анфюмю
анфемю
анфх-дюпю
анфхдюпю
анфхдюпю-яхкбеярпю
анфхдюпхъмю
анфхдюпйю
анфхйю
анфхмю
анфхмекю
анфхмхъ
анфйю
анфнкхмю
анфспю
анфспйю
анийю
анивхмйю
анмю
анмекхъ
анмерю
анмхтюжхъ
анмхтхжхъ
анмйю
анпю
анпаю
анпемю
анпхйю
анпхлхпю
анпхмю
анпхмйю
анпхяйю
анпхякюбю
анпйю
анпнлхпю
анпъмю
анпъмйю
аняхкю
аняхкйю
аняйю
анрю
анжю
анжхякюбю
анжйю
анъмю
апюмхлхпю
апхцхрю
апхгехдю
апхкъмрхмю
апхрнмйю
апнмгнлхпю
апнмхякюбю
апсрю
асдхлхпю
асдхмйю
асйерйю
асмю
аспемю
аспъ
аспъмю
асжю
асвю
асьйю
азкцюпюмю
азкцюпхъ
азмйю
азпгю
азпгюмю
аъкю
аъкйю
бюию
бюйкю
бюйкхмю
бюйяхмю
бюкемю
бюкемяхъ
бюкепхмю
бюкепхъ
бюкеяю
бюкхмю
бюкхяю
бюкнмю
бюкъ
бюмюъ
бюмцю
бюмцекхмю
бюмцекхжю
бюмцекхъ
бюмдю
бюмеяю
бюмхкйю
бюмхмю
бюмсух
бюмвю
бюмъ
бюпбюпю
бюпдекхмю
бюпрю
бюпрсух
бюпъ
бюяю
бюяемю
бюяемйю
бюяхкю
бюяхкемю
бюяхкеяю
бюяхкхюмю
бюяхкхмю
бюяхкхяю
бюяхкхъ
бюяхкйю
бюяхъмю
бюяйю
бюяъ
бюрю
бюжю
бюжйю
бюьхкъ
бюъ
бюъмю
бедю
бедпхмю
бефдю
бефхую
беийю
бекю
бекемю
бекхюмю
бекхгюпю
бекхйю
бекхлхпю
бекхмю
бекхммю
бекхякюбю
бекхвйю
бекхъ
бекхъмю
бекхъмйю
бекйю
беклхпю
бекъмю
бемю
бемдю
бемекхмю
бемелхпю
бемепю
бемерю
бемежхъ
бемхюлхмю
бемхюмю
бемхг
бемхлхпю
бемхякюбю
бемйю
бемжеякюбю
бемжхякюбю
бемжхякюбхъ
бемвхякюбю
бепю
бепцхкхъ
бепцхмхъ
бепдхдю
бепемю
бепфхмхъ
бепхерю
бепхлхпю
бепхмдю
бепхякюбю
бепхъмю
бепйю
бепнмхйю
бепнякюбю
беяю
беяекю
беяекхю
беяекхюдю
беяекхмю
беяекхмйю
беяекйю
беяекъмю
беяхякюбю
беяйю
беямю
беярхлхпйю
беярхъмю
берхмю
берйю
бежю
бхбхюм
бхбхюмю
бхдю
бхдекхмю
бхдхлю
бхдйю
бхдкемю
бхднякюбю
бхгю
бхйрнпхъ
бхйрнпхъ-йпхярхмю
бхкхюмю
бхкхлхпю
бхкхякюбю
бхкхъ
бхкхъмю
бхклю
бхклхпю
бхкнпхмю
бхкуелю
бхкъмю
бхмйю
бхмнмю
бхнкю
бхнкерю
бхнкерйю
бхнкхмю
бхнкхрю
бхпцхмхъ
бхпфхмхъ
бхпмю
бхякю
бхрюкхъ
бхрйю
бхрнлхпю
бхрнью
бхупю
бхупнцнмйю
бхупсьйю
бхьйю
бкюдю
бкюдюъ
бкюдемю
бкюдхюмю
бкюдхкемю
бкюдхмю
бкюдхмекю
бкюдхяюъ
бкюдхякюбю
бкюдкемю
бкюярю
бкюухмйю
бкюъ
бкздхлемю
бндхжю
бндхвйю
бнфю
бнгйпеяхъ
бнийю
бнимйю
бнкцю
бнкъ
бпюмю
бпзайю
бскю
бсмю
бсмйю
бсвю
бзайю
бзгйпеяемхъ
бзгйпеяхъ
бзкю
бзкйю
бзкйюмю
бзкэн
бзпаю
бзпахмхйю
бзпахмйю
бзпанмерю
бзпасмйю
бзпрсух
бзрю
бзрекхмю
бзрйю
бзжю
бзжйю
бзвйю
бъпю
бъпйю
цюах
цюапхекю
цюдъ
цюкю
цюкюреъ
цюкемю
цюкхю
цюкхемю
цюкхкеъ
цюкхлхпю
цюкхмю
цюкхмйю
цюкхжю
цюкхъмю
цюкйю
цюкъ
цюмю
цюмерю
цюмйю
цюмйн
цюмсжю
цюпдемхъ
цюжю
цюжйю
цюъ
цбнгдеийю
цебю
цебегхъ
цекю
целю
цемю
цемхйю
цемхякюбю
цемйю
цемнбебю
ценпцекемю
ценпцемю
ценпцхмю
ценпцхмйю
ценпцхрю
ценпцхжю
ценпцхъ
цепю
цепюдйю
цепюяхлйю
цепцю
цепцюкхмю
цепцюмю
цепцюмекю
цепцхмю
цепдюмю
цеплюмхъ
цепмю
цепнийю
цепрпсд
цепрпсдю
церю
цежю
цеъ
цхгдюбю
цхгдюмю
цхмйю
цхрю
цхжю
цхжйю
цхвйю
цкюдхнкйю
цкнпхъ
цнбнпюъ
цнпюмйю
цнпдюмю
цнпхмю
цнпхжю
цнпхжхъ
цнпхвйю
цнпхъ
цнпъм
цнпъмю
цняондхмйю
цняонфхжю
цнжю
цпюях
цпюяхекю
цпютхекю
цпютхмъ
цпютхжю
цпютйю
цпюжхекю
цпеия
цпелхъ
цперю
цпхцнпхюмю
цпхцнпхмйю
цпхцнпхъ
цпхфю
цпхкемю
цпхлъмю
цпхлъмъ
цпнгдюкемю
цпнгдюмйю
цпнгдемйю
цпнгдхмйю
цпнмхйю
цпсдю
цпсдйю
цсцсрйю
цсмю
цсмйю
цсжю
цзаемю
цзайю
цздю
цзгхмю
цзкю
цзкюахмю
цзкзахмю
цзкзахжю
цзпахжю
цзпцнпхмйю
цзпкю
цэнпйю
цчцпю
цчкйю
цчпю
цчпцю
цчпцемю
цчпцъ
дюбхдйю
дюбхмю
дюбкхмю
дюцею
дюйнрю
дюкхмю
дюкхрю
дюкхъ
дюлюъмрх
дюлъмю
дюмю
дюмюекю
дюмюхкю
дюмюию
дюмекхмю
дюмекхъ
дюмхекю
дюмхйю
дюмхкю
дюмхлхпю
дюмхмю
дюмхпю
дюмхякюбю
дюмхрю
дюмйю
дюммю
дюмжнкхмю
дюп
дюпю
дюпдюмекю
дюпемю
дюпхюмю
дюпхмю
дюпхмекю
дюпхъ
дюпйю
дюпъ
дюпъмю
дютхмю
дютхмйю
дютме
дюью
дюъ
дюъмю
дею
деюмю
деанпю
дебю
дебемю
дебх
дебхмю
дебнпю
деимю
декю
декхюмю
декхмдю
декхммю
декйю
дектхмю
декъ
делерпю
делх
делхмйю
делхпю
делхпекю
делхвйю
делмю
демю
демекхмю
демхюмдпю
демхекю
демхгю
демхлхпю
демхякюбю
демхякюбемю
демхрю
демхжю
демйю
демлю
деммхжю
демнпю
депйюкхкю
деях
деяхкхмю
деяхлхкъмю
деяхлхпю
деяхяберю
деяхякюбю
деяхрю
деяхъмю
деяою
деяохмю
дерекхмю
детйю
деткнпхмю
детпняхмю
девйю
деью
деьйю
деъ
деълхпю
деъмю
деъмхпю
деъмхякюбю
дфюмю
дфемю
дфемх
дфемйю
дфхмю
дфхмебпю
дфнмю
дфнпдфхъ
дфсдхр
дфскхюмю
дфскхъ
дгсмдгскю
дхюбемю
дхюлюмрю
дхюмю
дхюмю-люпхъ
дхбю
дхбдемю
дхбемю
дхбмю
дхдю
дхдхюмю
дхднмю
дхкаепю
дхкемю
дхклюмю
дхкъмю
дхкъпю
дхлю
дхлюмю
дхлхрпю
дхлхрпюмйю
дхлхрпхийю
дхлхрпхмю
дхлхрпхмйю
дхлхрпхвйю
дхлхрпхъ
дхлйю
дхлъмю
дхмю
дхмхкхъ
дхмйю
дхммю
дхжю
дхъмю
днапю
днапемю
днапхюмю
днапхмю
днапхмйю
днапнлхкю
днапнлхпю
днапнякюбю
днийю
днивхмю
днкх
днкнпея
днкъ
днлемхйю
днлхмю
днлмю
днмю
днмекхъ
днмхйю
днмхжю
днмйю
днммю
днпю
днпю-юммю
днпелх
днперю
днпхюмю
днпхйю
днпхмю
днпхякюбю
днпнярекю
днпнреъ
дняю
дняхмю
днярю
дняремю
днрюлхпю
днжю
днжйю
днвю
днвйю
дпюцю
дпюцюмю
дпюцхмйю
дпюцхжю
дпюцнлхпю
дпюцнярхмю
дпюфю
дпюжемю
дпемйю
дпсгхкю
дпслю
дпсякю
дпъмю
дсдю
дсйемю
дсмдю
дсумемйю
дсьюмю
дсьйю
дзахмю
дзцю
дзлью
дзпбнкерю
дчйъмю
дчкйю
дчкъ
ебю
ебюмю
ебюмцекхмю
ебюмдфекхмю
ебцю
ебцемхъ
ебдю
ебднйхъ
ебекхмю
ебйю
ебкнцхъ
ебпеяхлйю
ебпхдхйю
ебпною
ебрхлйю
едекбюия
едекхмю
едхрю
едпемйю
егепйю
еилх
ейюрепхмю
ек
екю
екбюмю
екбемю
екбхпю
екднпю
екецхъ
екемю
екемю-люпхъ
екемх
екемхжю
екемхъ
екемйю
екемяхъ
екемрхмю
екенмерю
екенмнп
екенмнпю
екфюмю
екгю
екх
екхю
екхюмю
екхдю
екхднпю
екхг
екхгю
екхгюаерю
екхгюпю
екхйпю
екхмю
екхмх
екхмхжю
екхмнп
екхя
екхяю
екхяюберю
екхяюмдпю
екхякюбю
екхрю
екхжю
екхъ
екхъмю
екйю
еккю
еклю
еклюг
еклхпю
екнмю
екнпю
ектхдю
ектхмю
елю
елю-мхйнк
елюмсекю
елюмсхкю
елекю
елхкх
елхкхъ
елхкхъмю
еллю
елнмю
емеяю
емхякюбю
емхрю
емхжю
емхъ
емйю
емнкю
емнпю
епцюмю
епедхмйю
епхйю
епйю
еплемю
еплхкъ
епмеярхмю
еякхжю
еялю
еялепюкдю
еярекю
еяреп
еяретюмхъ-цепцюмю
ереп
ермю
етхлемю
етхлхъ
етпняекемю
етпняхлйю
етпняхмю
етпняхмхъ
етпсяхмю
етрхлхъ
фюдх
фюдхлхпю
фюйкхм
фюмю
фюмер
фюмерю
фюмхю
фюмхм
фюмхмю
фюмйю
фюммю
фюмсюпхъ
фюпю
фюпхмю
фюпйю
фюпрхепйю
фюялхмю
феимю
фейю
фекю
фекюмю
фекйю
фекъгйю
фекъмю
фемдю
фемерю
фемх
фемхлхпю
фемхмю
фемъ
фепхмю
февйю
фхбю
фхбюмю
фхбекхмю
фхбйA
фхбйю
фхбнлхпю
фхбнр
фхйю
фхкйю
фхплю
фхвйю
фнюмю
фнгетхмю
фнперю
фнпферю
фнпйю
фсфетхмю
фсфнахмю
фскю
фскбемю
фскхюмю
фскхерю
фскхъ
фскхъмю
гюбхмюцх
гюейю
гюепъмю
гюмю
гюмдюкх
гюмхвйю
гюмйю
гюопъмйю
гюпю
гюпхмю
гюпйю
гютю
гютхпю
гютхпйю
гюуюпю
гюуюпхмю
гюуюпхмйю
гюъ
гбегдю
гбегдюкхмю
гбегдекхмю
гбегделхпю
гбегдхякюбю
гбегдхжю
гбегднкерю
гдпюбю
гдпюбекхмю
гдпюбелхпю
гдпюбемю
гдпюбхмю
гдпюбйю
гдсунярхмю
гетхпю
гхаю
гхгс
гхмю
гхмюхдю
гхмхъдю
гхъ
гкюрелхпю
гкюремю
гкюреъ
гкюрхмю
гкюрхмйю
гкюрхякюбю
гкюрхжю
гкюрйю
гкюрмю
гкюрндюпю
гкюрнекю
гкюрнгюпю
гкюрнлхпю
гкюрнпнгю
гкюрняберю
гкюрнякюбйю
гнхжю
гнхвйю
гнийю
гнпю
гнпемю
гнпхжю
гнпйю
гнпмхжю
гнъ
гсфю
гсгх
гсгхвйю
гчлачкю
гчлачкйю
хбюфекю
хбюикхпю
хбюкемю
хбюкерю
хбюкхмю
хбюкхмйю
хбюлхкю
хбюлхмю
хбюмю
хбюмю-люпхъ
хбюмюъ
хбюмцекхмю
хбюмекю
хбюмеяю
хбюмерю
хбюмфекхмю
хбюмхмю
хбюмхжю
хбюмхвйю
хбюмйю
хбюммю
хбюмсекю
хбюъ
хбеюмю
хбекемю
хбекхюмю
хбекхмю
хбекхъ
хбемю
хбер
хберю
хбхмйю
хбхъ
хбйю
хбнлхпю
хбнм
хбнмю
хбнмекю
хбнмхйю
хбнякюбю
хцкхйю
хдюкхъ
хдюпхъ
хдекхюмю
хгюаек
хгюаекю
хгхдю
хгхднпю
хгкнфаю
хкюидю
хкюмю
хкбхмю
хкеюмю
хкеим
хкем
хкеъмю
хкхюмю
хкхюммю
хкхдхъ
хкхийю
хкхижю
хкхмю
хкхмдю
хкхмйю
хкхяю
хкхр
хкхъмю
хкйю
хкнмю
хкнмю-лхпняберю
хкнмйю
хмю
хмюм
хмцкхгю
хмдхпю
хмдпхфхьйю
хмекю
хмея
хмеяю
хмеяхъ
хмйю
хммю
хмнмю
хойю
хпю
хпем
хпемю
хпеъ
хпхюмю
хпхм
хпхмю
хпхмйю
хпхяю
хпйю
хпкю
хплемю
хпмхйе
хппю
хяхднпю
хяхухъ
хяйпю
хяйпемю
хяйпхмю
хярюкхюмю
хярхкхъмю
хрйю
хъ
иемю
инюкхрю
инюмю
инюмю-цюкхмю
инюмю-яхлнмю
инюмекю
инюмерю
инюммю
инюммю-цкнпхъ
инбю
инбюкхмю
инбюмю
инбюмйю
инбекхмю
инбхмю
инбйю
ингетхмю
инйн
инкюмю
инкюмдю
инкюмрю
инкх
инкхмю
инкхмрю
инкхмрюю
инкхрю
инклхпю
инмю
инмекх
инмекхъ
инмерю
инмхдю
инмхйю
инмхякюбю
инмйю
инпдюмю
инпдюмхрю
инпдюмйю
инпхрю
инрйю
интйю
инуюмю
инуюммю
инжю
иньйю
йюапхнкерю
йюдюхтйю
йюдхтеийю
йюдхтеъ
йюкю
йюкбхъ
йюкеною
йюкеъ
йюкх
йюкхюмю
йюкхгюпю
йюкхйю
йюкхмю
йюкхмю-мхйнкюъ
йюкхмйю
йюкхною
йюкхоян
йюкхяю
йюкхярю
йюкхвйю
йюкхъ
йюкнъмю
йюксдю
йюксрйю
йюкъ
йюлекхъ
йюлемю
йюлеъ
йюмю
йюммю
йюмрю
йюмрюкемю
йюмсью
йюойю
йюойю кчанб
йюопхя
йюпюлекхмю
йюпюлекхрю
йюпюлтхкю
йюпюлтхкйю
йюпекхъ
йюпх
йюпхмю
йюпкю
йюплекю
йюпнкхмю
йюяюмдю
йюяхдх
йюяхепйю
йюяхъ
йюрюкхмю
йюрюпхмю
йюрюярпнтю
йюрекхмю
йюрепхмю
йюрхмю
йюрхмекю
йюрхмйю
йюрпхм
йюрпхмю
йюрчью
йюръ
йюсмйю
йювспйю
йюъ
йюъмю
йберю
йбернякюбю
йебю
йепю
йепюмю
йепюмею
йепюмйю
йепюжю
йепйю
йерю
йерекхмю
йерх
йерйю
йетхпйю
йхюпю
йхмю
йхмн
йхмвю
йхопхъмю
йхпю
йхпхкйю
йхпйю
йхпмю
йхпъмю
йхрю
йхрйю
йхрвхжю
йхткхжю
йхжю
йхвйю
йкюбдхъ
йкюпю
йкеюмрхъ
йкелемрхмю
йкенмхйю
йкеноюрпю
йкесмю
йкхлемрхмю
йкне
йкнгер
йкнх
йкнъ
йкъяю
йнбме
йнийю
йнимю
йнйхлхпю
йнйнмхжю
йнйнмъ
йнкхжю
йнкнмекю
йнлюпю
йнлмъ
йнмю
йнмйю
йнмярюмрю
йнмярюмрхмю
йнмярюмрхмйю
йнмярюмжю
йнопхмйю
йнпхмю
йнпмекхъ
йнпрегю
йняюпю
йняемю
йняйю
йнярюдхмйю
йнярюйежю
йнярюмрхмю
йнрйю
йпюимю
йпюкхмю
йпюкхяю
йпюлнкю
йпюяемю
йпюяхцнпю
йпюяхдюпю
йпюяхлю
йпюяхлхлю
йпюяхлхпю
йпюяхмю
йпюяхъмю
йпюямю
йпюянжберю
йпелемю
йпенкхмю
йпхях
йпхяхюмю
йпхяхрн
йпхялхякюбю
йпхярю
йпхярю-люпхъ
йпхярюаекю
йпхярюк
йпхярюкхмю
йпхярек
йпхяремю
йпхярхюмю
йпхярхюмю-инюмю
йпхярхмю
йпхярхмю-бхйрнпхъ
йпхярхякюбю
йпхярхъ
йпхярхъмю
йпнярюкемю
йпсекю
йпзярюмю
йпзярюмйю
йпзярекхюмю
йпзярхмю
йпзярхмйю
йпзярхякюбю
йяюмдпхмхъ
йяемхъ
йскю
йслйю
йсмю
йсмйю
йздпхмйю
йзмю
йзмйю
йзрхмю
йэмхмю
йчпюмю
кюбхмю
кюбхмхъ
кюцндю
кюдю
кюдсмйю
кюгюпхмю
кюгюпхмйю
кюгерю
кюгспю
кюигю
кюикю
кюйю
кюкхрю
кюкйю
кюлахъ
кюмю
кюпю
кюпхмю
кюпхяю
кюяйю
кюрхмю
кюрхмйю
кюспю
кюжю
кею
кебемю
кебхмю
кедю
кейю
кемю
кемх
кемхмю
кемхмйю
кемве
кенмхдю
кенмнпю
керю
керх
керхяхъ
керйю
кетрепю
кеъ
кхюмю
кхаепрю
кхбхъ
кхцхъ
кхдю
кхдхюмю
кхдхийю
кхдхъ
кхгю
кхгаер
кхикю
кхйю
кхкю
кхкюмю
кхкх
кхкхрю
кхкхъ
кхкхъм
кхкхъмю
кхкйю
кхкъмю
кхкъмйю
кхлмю
кхлнмйю
кхм
кхмю
кхмдю
кхмйю
кхрю
кхрхжхъ
кхвйю
кхъ
кхъ-юмдпеъ
кхъмю
кнюмю
кнгю
кнгюмйю
кнгемю
кнпю
кнпю-юкейяюмдпю
кнпем
кнпемю
кнпхюмю
кнпхмю
кнпхрю
княйю
кнрх
ксхгю
ксйюмю
ксйпежхъ
кскю
кскхбепю
ксмю
ксяхрю
ксью
ксьйю
кзвегюпю
кзвегюпю-люпхмйю
кзвегюпйю
кэнмх
кчаю
кчаемю
кчахлйю
кчахмю
кчахмйю
кчахжю
кчайю
кчакемю
кчакхмю
кчакъмю
кчанб
кчанлхкю
кчанлхпю
кчанякюбю
кчаъмю
кчдю
кчдлхкю
кчкхмю
кчкъмю
кчперю
кчях
кчяхемю
кчяхк
кчяхкю
кчяхъ
кчяхъмю
кчжю
къкйю
къмйю
лOлю
люаек
любпсдхъ
люцдю
люцдюкемю
люцдюкхъмю
люцдекемю
люцдекхмю
люцхъ
людкем
людкемю
люднмю
люию
люинкю
люиъ
люйюпхмю
люйеднмйю
люйпемю
люйпхмю
люйяхлхкхъмю
люйяхм
люкюлю
люкюлйю
люкбхмю
люкемю
люкхйю
люкхмю
люкхмйю
люкрю
люкрхмю
люмх
люмхъ
люмйю
люмнкю
люмнкхмю
люмсекю
люмэнмйю
люмъ
люпю
люпю-юмрнюмерю
люпюъ
люпцю
люпцюперю
люпцюпхрю
люпцхр
люпцхрю
люпцн
люпцпер
люпцперю
люпем
люпемхекю
люпенкхмю
люперю
люпх-юмю
люпх-юмпх
люпхюмю
люпхюммю
люпхекю
люпхерю
люпхийю
люпхйю
люпхкемю
люпхмю
люпхмекю
люпхмерю
люпхмйю
люпхнкю
люпхнмекю
люпхнпю
люпхнрйю
люпхякюбю
люпхрю
люпхръмю
люпхжю
люпхъ
люпхъ-юмюаекю
люпхъ-юмюярюяхъ
люпхъ-бхйрнпхъ
люпхъ-деяхякюбю
люпхъ-екемю
люпхъ-инюмю
люпхъ-йхюпю
люпхъ-ксхгю
люпхъ-люцдюкемю
люпхъ-усюмю
люпхъмю
люпйхпяхъ
люпйпхр
люпкем
люпкемю
люпрю
люпрхмю
люпрхмекю
люпскйю
люпсяъ
люпсжю
люпсьйю
люпвекю
люпвекю-аекю
люяю
люрю
люремю
люреъ
люрхмю
люрйю
люрйю
люрпэнмю
люръ
люумю
люью
люъ
лецкемю
ледеъ
ледх
ледхую
леиазк
леигх
леиях
лекюмх
лекюмхъ
лекхю
лекхмю
лекхмдю
лекхяю
лекздх
лемдю
лепюкхмю
лепекхм
лепхюм
лепкхмю
лепною
лерндеъ
лерндхъ
лхю
лхцдюкемю
лхцкемю
лхцсекю
лхекю
лхйю
лхйюекю
лхкю
лхкюдю
лхкюйю
лхкюмекю
лхкюмйю
лхкюпю
лхкюпйю
лхкбю
лхкбюмю
лхкбемю
лхкдю
лхкдхъ
лхкебю
лхкемю
лхкерю
лхкерйю
лхкхюмю
лхкхжю
лхкйю
лхкйюмю
лхккю
лхкняр
лхкнрхмю
лхкъмю
лхлх
лхлхйю
лхлнгю
лхлнкерйю
лхмю
лхмюъ
лхмеякюбю
лхмйю
лхммю
лхммер
лхпю
лхпюаек
лхпюмгю
лхпюмхмю
лхпюъ
лхпеи
лхпекю
лхпемю
лхпхюл
лхпйю
лхпнгюпю
лхпнкчаю
лхпною
лхпнякюбю
лхпнжюъ
лхпжекю
лхпъмю
лхякю
лхрюмйю
лхремю
лхрхмю
лхрйю
лхрньйю
лхрпю
лхуюекю
лхуюекемю
лхуюекхмю
лхуюикемю
лхжю
лхьек
лхьекю
лхьекхм
лхьйю
лхъ
лкюдемю
лкюдемхъ
лкюдемйю
лкюдкемю
лнипю
лнкхмю
лнкхъ
лнкнбйю
лнлепю
лнлхжю
лнлйю
лнлъмю
лнмю
лнмхйю
лнмхякюбю
лнпюбю
лнпеим
лнпемю
лнпрюдекю
лнпсмю
лнжю
лпъмйю
лсяюйю
лсьюмю
лсьйю
лзкбхмю
лзплнпхжю
лзпнбхмю
мюбндмемйю
мюдефдю-люпхмйю
мюдекхмю
мюдхм
мюдхмю
мюдйю
мюдчью
мюдъ
мюгюапюбйю
мюгкю
мюидю
мюидемю
мюиъ
мюйхрйю
мюмю
мюмх
мюмйю
мюмях
мюпюмгю
мюпжхя
мюярхъ
мюяъ
мюрюкх
мюрюкхмю
мюрюкхъ
мюрюью
мюжю
мювйю
мюъ
мебекхмю
мебемю
мебх
мебпхъ
мебъмю
мебъмйю
мецпю
мецпхрю
медю
медекхмю
медекйю
медекъ
медекъмю
медйю
медъкйю
медъмю
мегюапюбйю
меийю
мекю
мекемю
мекх
мекх-лхьек
мекхдю
мекхмю
мекхякюбю
мекхъ
мекйю
меккю
меккх
меклю
мемю
мемйю
менкхмю
мепюмгю
межю
мевю
меью
меьйю
меъ
мхюмю
мхбю
мхбекхмю
мхцпхрю
мхдекхмю
мхдекхъ
мхйхрю
мхйндхлю
мхйнекю
мхйнк
мхйнкюъ
мхйнкер
мхйнкерю
мхйнкхмю
мхйнкхмйю
мхмю
мхмю-цепцхмн
мхмйю
мхнмхкю
мхрйю
мхжю
мхвйю
мхъ
мнмю
мнмйю
мнммю
мнпю
мнпхмю
мнпйю
мнплю
мняхлхпю
мнжю
мспек
мсперю
мсьйю
мъмйю
напзмхъ
нцхмю
нцмемю
нцмъмю
ндю
ндхкхъ
нйяюмю
нйрюбхъ
нкю
нкцю
нкемю
нкеяхъ
нкхбепю
нкхлохъ
нкхмйю
нкхвйю
нкъ
нлюмю
нлюъ
нмекхъ
нпенкю
нпйю
нпкеюмю
нпкхмю
нпмекю
нпмекхъ
нптекхъ
нпухдеъ
нрюжхкхъ
нрхкхъ
нтекхъ
оюбекю
оюбхкхъ
оюбхклю
оюбкю
оюбкемю
оюбкерю
оюбкхмю
оюбкхмйю
оюбсмю
оюцюме
оюцнмйю
оюкбхпю
оюклю
оюклхмю
оюклхпю
оюкнлю
оюкнлхмю
оюлекю
оюмю
оюмюжеъ
оюмцеъ
оюмдю
оюмдекю
оюмднпю
оюмйю
оюмнпю
оюмрепю
оюмвю
оюнкю
оюпюяйебю
оюпюьйебю
оюпюьйебхжю
оюпбнкерю
оюпхяю
оюпйю
оюпяйебю
оюпсмйю
оюпсьйю
оюяхнмюпхъ
оюрю
оюрньйю
оюрпхнрйю
оюрпхжхъ
оюрсьйю
оюръ
оюскю
оюскхмю
оюсмю
оюсмдхкю
оюсмйю
оюсрюкхъ
оюжю
оюью
оеднтхкхъ
оеийю
оеийъ
оеинкхмю
оеиярхъм
оейю
оекюцхъ
оекюцнмхъ
оекхмю
оемю
оемекною
оемйю
оеою
оеоекнрю
оеоепсмйю
оеохмю
оеохмхъ
оеохрю
оепхюмю
оепяю
оепях
оепяхдю
оепяхъмю
оепсмю
оепсмхйю
оерю
оерхкерйю
оерхмю
оерхмйю
оерйю
оерйюмю
оерпю
оерпюмйю
оерпхийю
оерпхмю
оерпхмйю
оерпхъ
оерпнлхкю
оерпнлхпю
оерпнмхъ
оерпнякюбю
оерпсмю
оерпсью
оерпсьйю
оеръ
оеръмю
оежю
оеью
оеьйю
оеъ
охеперю
охмю
охпхмйю
окюлемю
окюлемйю
окюлеммю
окюлйю
окемхлхпю
окнднбхрйю
окслйю
онаедю
онереяю
онкю
онкейяхмю
онкерю
онкх
онкхйяемю
онкхйяемхъ
онкхм
онкхмю
онкхрхлх
онкъ
ононб
опюбдю
опюбднкчайю
опюбнякюбю
опюяйнбю
опюякюбю
опеяю
опеяхюмю
опеяхъмю
опеякюбю
опеяохъ
опхмю
опнийю
опнкер
опнкерюпйю
опнкереяю
опнкерхмю
опнкерхмйю
опнкерйю
опнкежберю
опняберю
опнярхяберю
опнярхрсрю
опзбйю
оскю
осмдю
осох
озкю
озпбю
озпбюмйю
озпбнкерю
озпбнкерйю
озрю
озрйю
озжх
пюбемю
пюдю
пюдю-люпхъ
пюдюмю
пюдекхмю
пюдемю
пюдхю
пюдхюмю
пюдхкю
пюдхкхмю
пюдхлхкю
пюдхлхпю
пюдхмю
пюдхмекю
пюдхякюбю
пюдхъмю
пюдйю
пюдлхкю
пюднкхмю
пюднлхкю
пюднлхпю
пюдняберю
пюднякюбю
пюдняр
пюднярюкхъ
пюднярхмю
пюднярйю
пюдняжберю
пюднжберю
пюемю
пюгхъ
пюхмйю
пюхяю
пюхжю
пюийю
пюимю
пюимхвйю
пюйхмю
пюкхмю
пюкхжю
пюкйю
пюлхмю
пюлнмю
пюьйю
пюъ
пеаейю
пебйю
пецхмю
пегхмйю
пелхмю
пемюрю
пемцхъ
пемерю
пемх
пемхрю
пеъ
пхюмю
пхаю
пхгю
пхкйю
пхлю
пхллю
пхмю
пхмхрю
пхяю
пхяюмю
пхъ
пнаепрю
пнаепрю-дхлюмю
пндхмю
пнфемю
пнгю
пнгюкхмю
пнгюкхмдю
пнгюкхъ
пнгюлсмдю
пнгюмю
пнгюмйю
пнгюпю
пнгютерйю
пнгдхюмю
пнгерю
пнгерйю
пнгхмю
пнгхмйю
пнгхрю
пнгхжю
пнгйю
пнглюпх
пнгнжберю
пнийю
пнйяюкюмю
пнйяюмю
пнлюмю
пнлюмэнкю
пнлемю
пнлхмю
пнлнкерю
пняю
пняюкхмю
пняюмю
пняюмйю
пняекхмю
пняемю
пняхлхпю
пняхмю
пняхмйю
пняхякюбю
пняхрю
пняхжю
пняхъмю
пнякюмю
пнярхякюбю
псах
псфю
псфемю
псфхмю
псфйю
пслекхмю
пслекхъ
пслемю
пслхмю
пслхякюбю
пслъмю
пслъмйю
псяю
псяюкхмю
псяюкхъ
псяюкйю
псяюмю
псяюмйю
псяхлйю
псяйю
псякюмю
псярхякюбю
псжю
псьдхъ
яюахмю
яюахмю-оюпюьйебю
яюапхмю
яюбекхю
яюбекхмю
яюберю
яюбхмю
яюбйю
яюбйн
яюйяхъ
яюкхмю
яюктерйю
яюмдю
яюмдпю
яюмхю
яюмйю
яюмрюмю
яюмъ
яюпю
яюпютхмю
яюпюъ
яюпемю
яюръ
яютхмю
яютпхдйю
яюунпхъ
яюью
яюьйю
яюъ
ябюдйю
ябефю
ябефюмйю
ябефхмю
яберю
яберйю
яберкю
яберкюмю
яберкхмю
яберкхмйю
яберкнгюпю
яберкнгюпхъ
яберкнлхпю
ябернгюпю
ябернякюбю
ябернтюпю
ябеыюпю
ябхдмю
ябхкю
ябхкемю
ябхрхпйю
ябнандю
ябнандйю
яебю
яебюярхюмю
яебюярхжю
яебюярхъ
яебдю
яебдюкемю
яебдюкхмю
яебдюмю
яебдюпхмю
яебдекхмю
яебдфюмю
яебднлхпю
яебекхмю
яебепхмю
яеберю
яедетйю
яекхмю
яеклю
яелю
яелемюпйю
яелхпю
яелпю
яемйю
яепютхлю
яепцекхмйю
яеяхк
яеяхкхъ
яхюмю
яхюпю
яхахкю
яхбемю
яхбеммю
яхбхмю
яхбнекю
яхемю
яхийю
яхкбю
яхкбюмю
яхкбемю
яхкбх
яхкбхюмю
яхкбхмю
яхкбхв
яхкбхъ
яхкбхъ-юкейяюмдпю
яхкбхъмю
яхкемю
яхкемйю
яхкхъ
яхкъмю
яхлюпхмю
яхленмю
яхленмйю
яхлнм
яхлнмю
яхлнмю-уюидх-люпх
яхлнмерю
яхмелю
яхмнаекйю
яхмрхъ
яхпемю
яхпемйю
яхплю
яхяйюмю
яхянъ
яхъ
яхъимю
яхъмю
яхъмю-йюкхмю
яйюйюкйю
яйюпкер
яйхжю
якюбю
якюбемю
якюбеъ
якюбхюмю
якюбхкю
якюбхмю
якюбхмхъ
якюбхъ
якюбйю
якюбнлхпю
якюбсмю
якюбъмю
якюбъмйю
якюднкедйю
якюднкхмю
якхбю
ялюпюцдю
ялекю
ялеунрепюохъ
ялхкю
ялхкемю
ялхкъмю
ялхмю
ялхпмю
ямецскю
ямефюмю
ямефюмйю
ямефхмю
ямефхмйю
ямефйю
ямхфюмю
янмъ
янмъ-люпх
янтхийю
янтхъ
янтйю
яоюдсмю
яоюмхякюбю
яоюяемю
яоюяхюмю
яоюяхийю
яоюяхлхпю
яоюяхъ
яоюяхъмю
яоюяйю
яоюяремю
яоюясмйю
яоюяъмю
яохпекю
яохпйю
яонлемйю
япеапю
япеапхмю
ярюбхяюпю
ярюбпскю
ярюийю
ярюкюйрхрю
ярюкхмйю
ярюлюрйю
ярюлемю
ярюлемйю
ярюлъмю
ярюмю
ярюмхекю
ярюмхекю/яребекхмю
ярюмхкю
ярюмхкхъ
ярюмхлхпю
ярюмхлхпйю
ярюмхякюбю
ярюмйю
ярютюмю
ярютхдйю
ярюью
ярюъ
ярекю
ярекю-люпхъ
ярекхюммю
ярекхмю
ярекхъмю
яреккю
ярекъмю
яретюмекю
яретюмх
яретюмхъ
яретюмйю
яретйю
яретсмдпхъ
яреъмю
ярхкхюмю
ярхкъмю
ярхухъ
ярнхкйю
ярнхлемю
ярнхлемйю
ярнийю
ярнилхпю
ярнимю
ярнкерйю
ярнкхюмю
ярнъмю
ярнъмекю
ярнъмхмю
ярнъмйю
ярпюухкйю
ярпюжхлхпю
ярпекйю
ярпслю
ясгюмю
ясгх
яскрюмйю
язаю
язахмю
язайю
язбеярхмю
язберйю
язкгхжю
язпахмйю
язплемю
язплемйю
язпмекю
ячгюм
яъпю
рюакнхдю
рюхяхъ
рюицхмю
рюкхрю
рюкхъ
рюкйю
рюлюпю
рюмю
рюмюъ
рюмхякюбю
рюмхрю
рюмйю
рюмъ
рюпю
рюяъ
рюрйю
рюръмю
рюьхлхпю
рюьхмйю
рюьйю
рюьнмйю
рбнпхлхпю
рею
редхякюбю
редпюдйю
регцчк
рейкю
рекетнмйю
релекйю
релемсцю
релемсфйю
релхдю
релхпю
релйю
ремдфепйю
рендюпю
ренднлхпю
ренднпю
рендняхъ
ренмю
рентюмю
репегю
реяю
рерпюдйю
реъ
рхюдюпю
рхюмю
рхкхюмю
рхлемю
рхмю
рхмйю
рхяхъ
рхрйю
рхую
рхунлхпю
рхьйю
рхъмю
рнюкерйю
рнюмерю
рнднпю
рнднпхмйю
рнднпйю
рнкемю
рнкхюмю
рнкъ
рнлхмю
рнлхякюбю
рнлмю
рнмю
рнмекю
рнмхйю
рнмхмю
рнмхякюбю
рнмхжберю
рнмхъ
рнмйю
рнмъ
рнонкйю
рняйю
рняъ
рнрю
рнрйю
рнью
рньйю
рпюийю
рпюмдютнпю
рпюъмю
рпедю
рпемдютхкю
рпемдютхкйю
рпеоеркхйю
рпеойю
рпхтю
рпхтнмйю
рпнийю
рпнмйю
рпнтхлхпю
рпную
рпнью
рпньхжю
рпньйю
рпсдю
рпсрхъмю
рпстюмю
рпстюмйю
рпстйю
рпсьйю
рпзмйю
рпзойю
рсюмю
рслюъ
рсрйю
рстю
рстйю
рсьйю
рчкъи
ръмйю
сгсмхъ
скхюмю
скъ
скъмю
смйю
спюмхъ
спхлю
спяскю
спьскю
сярхъмйю
среую
тюахъмю
тюмх
тюмхмю
тюмйю
тюмрю
тюрхле
тюрлю
тедъ
текхлнмю
темхъ
темъ
теъ
тхдюмю
тхдюмйю
тхдекхъ
тхйхъ
тхкхлнмю
тхкхмйю
тхкхою
тхкхохмю
тхкхохмх
тхкйю
тхкнлемю
тхкнреъ
тхлю
тхлйю
тхмднкю
тхмйю
тхпю
тхпйю
ткюбхъ
ткнюпъ
ткнпю
ткнпемю
ткнперю
ткнпхйю
ткнпхмю
ткнпхмдю
ткэнмцю
ткэнпжю
тнрхмйю
тнрйю
тпюмвеяйю
тпхднкхмю
тпнмю
тпнмйю
тпняю
тпняхмю
тпняхмхъ
тпняйю
тръмйю
тсцю
тсйю
уюидхмю
уюлнлхкхъ
уюляхъ
уюмю
уюммх
уюпхерю
уюпхрхмю
уюпхрхъ
уюпхрнмхъ
уюяхемдю
уюяхмрю
уюяхъ
уекемю
уемпхерю
уепю
ухкдю
ухлемю
ухлепю
ухмйю
ухяхъмю
ухжю
укнпнтхкхъ
укнъ
ункх
унпремгхъ
упюапю
упюапхмю
упюмхлхпю
упюмхякюбю
упхгюмрелю
упхгюмрхмю
упхоях
упхяю
упхяюмйю
упхяюмрю
упхяекю
упхяхюммю
упхяйю
упхярю
упхярюаекю
упхярюкхмю
упхярюмйю
упхярею
упхярекю
упхяремю
упхярх
упхярхюмю
упхярхбекхмю
упхярхкхъмю
упхярхмю
упхярхмйю
упхярхъмю
упхярхъмхъ
упхярнекемю
упхярнгнплемю
упхярнлхкю
упхярнлхпю
упхярнякюбю
упхяръ
упхяскю
упхяскхмю
упзярхепю
усаю
усаюбекйю
усаюбемю
усаюбхмю
усаюмекхъ
усаемю
жюмерю
жюмхрю
жюмйю
жюпбскюмю
жюпебю
жюпебмю
жюпемю
жюпхмю
жюжю
жберю
жберюмю
жберюмекхъ
жберюмйю
жберюъ
жбере
жберекхмю
жберекхъ
жберелхпю
жберемю
жберемйю
жбереякюбю
жберхюмю
жберхдюпю
жберхкемю
жберхлю
жберхмю
жберхякюбю
жберкемю
жберкхмю
жбермняйю
жберндюпю
жбернгюпю
жбернгюпъ
жбернкхкхъ
жбернкчайю
жбернлхкю
жбернлхпю
жбернякюбю
жбернярхмю
жберъмю
жегюпхмю
жемю
жемйю
женкхмю
жежю
жхйю
жхйкюлхъ
жхйкною
жхъмю
жнкю
жнкйю
жнмхекю
жнмхйю
жнмйю
жнмъ
жнвю
жспю
вюбдюпю
вюийю
вюмю
вюмхрю
вюмйю
вюопюяйю
вюпю
вюпдютнмю
вюпхмю
вюпкхмю
вюпндеийю
вюпндеъ
вювхъ
вюъ
вюъмю
вегюпхмю
веохкхмю
вепеью
вепеьйю
вепхлхкю
вепхякюбю
вепмнахкйю
вербзпрю
вевхкхъ
вхйнкерю
вхярхмю
внийю
внмю
внмйю
внмэн
внвнлхпю
всапю
всапхмю
всднлхпю
всднякюбю
всйвю
всмю
ьюмю
ьюмек
ьюмрюк
ьюпкнрю
ьекх
ьемю
ьемйю
ьепх
ьепхгюд
ьеплхм
ьеуепегюдю
ьхахкю
ьхахкйю
ьхгек
ьхмю
ьхмйю
ьхпхм
ькчгднлхпю
ьмюпйскхъ
ьохкйю
ыедпю
ыедъ
ыекхъмю
ыемю
ыепю
ыепхюмю
ыепхнмйю
ыепйю
ыепнмйю
ыетюмх
ыетюмхъ
ыетх
ыхкйю
ыхкэнмю
ыхкъмю
ыхкъмйю
ыхойю
ыхпйю
ыхпъмю
ыредпю
ырхкйю
ысйю
ыспйю
зцкюъ
зцкемю
зцкемйю
зцкхйю
зкемю
зкхмю
зпмеярхмю
звйю
чкю
чкемю
чкхюмю
чкхюмхъ
чкхемю
чкхерю
чкхйю
чкхмю
чкхрю
чкхъ
чкхъмю
чкйю
чмю
чмхюмю
чмнмю
чпю
чпцхрю
чпдевйю
чпхерю
чпхрю
чпхъ
чпхъмю
чпйю
чярхюмю
чярхюммю
чярхмхюмю
чтйю
ъюлсп
ъакемю
ъакемйю
ъазкйю
ъбемю
ъбйю
ъбкемю
ъбнпю
ъбнпхмйю
ъбнпйю
ъбрхпю
ъцкюъ
ъцндю
ъцндхмю
ъцндхмйю
ъцндйю
ъйнахмю
ъкхякюбю
ъланкю
ъланкемю
ъланкхмю
ъмю
ъмю-люпрхмю
ъмю-люпхъ
ъмеякюбю
ъмерю
ъмхйю
ъмхмю
ъмхмйю
ъмхяю
ъмхяберю
ъмхякюбю
ъмхякюбхъ
ъмхрю
ъмхжю
ъмхжъ
ъмхвйю
ъмйю
ъммю
ъмскйю
ъмсьйю
ъпю
ъпйю
ъплю
ъпндюпю
ъпнлхпю
ъпнякюбю
ъяемю
ъяемйю
ъялхм
ъялхмю
ъямю
ърюмю
ъью